Running HiGHS 1.15.1 (git hash: 04024d7): Copyright (c) 2026 under MIT licence terms
Includes third-party software components, see THIRD_PARTY_NOTICES.md for full details
LP has 495630 rows; 539546 cols; 1985956 nonzeros
Coefficient ranges:
  Matrix  [2e-08, 2e+04]
  Cost    [1e+02, 5e+05]
  Bound   [9e-01, 6e+04]
  RHS     [2e-01, 3e+05]
Solving LP without presolve or useful basis
Using dual simplex solver
  Iteration        Objective     Infeasibilities num(sum)
          0     0.0000000000e+00 Ph1: 0(0) 0.4s
      13343    -2.1045192133e+08 Pr: 71573(6.58744e+06); Du: 0(7.73374e-07) 5.9s
      15763    -2.1019226110e+08 Pr: 73728(7.95971e+06); Du: 0(7.36288e-07) 11.1s
      17682    -2.0952781272e+08 Pr: 75993(1.35814e+07); Du: 0(5.66846e-07) 16.2s
      19858    -2.0900671580e+08 Pr: 78502(9.81972e+06); Du: 0(1.0925e-06) 22.2s
      21555    -2.0896789266e+08 Pr: 80370(1.06057e+07); Du: 0(1.61798e-06) 27.7s
      23445    -2.0894304955e+08 Pr: 82171(1.13218e+07); Du: 0(8.34774e-07) 33.5s
      26370    -2.0862470300e+08 Pr: 83989(4.83741e+08); Du: 0(4.21394e-07) 38.6s
      29755    -1.9256811154e+08 Pr: 92130(2.47498e+07); Du: 0(7.63222e-08) 43.9s
      32131    -1.5049313155e+08 Pr: 90164(2.08567e+07); Du: 0(1.72857e-07) 49.9s
      33844    -1.2801983337e+08 Pr: 90164(2.05199e+07); Du: 0(1.72857e-07) 56.9s
      35695    -1.2420295446e+08 Pr: 92212(2.05364e+07); Du: 0(1.72857e-07) 64.0s
      37306    -1.2148043239e+08 Pr: 93579(2.02676e+07); Du: 0(1.72857e-07) 70.3s
      38583    -1.1864362476e+08 Pr: 95107(1.99698e+07); Du: 0(7.63222e-08) 76.6s
      40109    -1.1510181198e+08 Pr: 96387(2.00826e+07); Du: 0(1.14256e-07) 83.2s
      52652     4.2104141132e+06 Pr: 92245(4.83108e+08); Du: 0(1.74164e-07) 88.4s
      65166     5.0016057617e+07 Pr: 94180(7.54943e+08); Du: 0(7.03249e-08) 93.5s
     100203     1.0995589095e+08 Pr: 84746(1.63159e+09); Du: 0(2.21286e-06) 98.9s
     101261     1.1009904824e+08 Pr: 77432(2.50685e+08); Du: 0(2.28056e-06) 104.6s
     110863     1.2292041082e+08 Pr: 81357(3.70575e+07); Du: 0(1.88666e-06) 111.0s
     117398     1.3264364695e+08 Pr: 79088(1.8866e+06); Du: 0(1.97141e-06) 116.2s
     126998     1.4196198887e+08 Pr: 79446(2.11785e+06); Du: 0(1.69624e-06) 122.6s
     133576     1.4896279257e+08 Pr: 80052(6.78798e+06); Du: 0(1.63545e-06) 128.8s
     136197     1.5116038384e+08 Pr: 79755(1.646e+06); Du: 0(1.70184e-06) 134.5s
     139015     1.5406599182e+08 Pr: 101155(1.46228e+08); Du: 0(1.5241e-06) 139.8s
     144336     1.5875095107e+08 Pr: 85025(3.88897e+07); Du: 0(1.49442e-06) 145.9s
     146342     1.6027522160e+08 Pr: 87346(2.9563e+07); Du: 0(1.3007e-06) 152.0s
     149893     1.6359929532e+08 Pr: 84139(8.39973e+07); Du: 0(1.3007e-06) 158.6s
     164114     1.8013556464e+08 Pr: 86148(3.59373e+08); Du: 0(1.2791e-06) 166.4s
     172605     1.8376187416e+08 Pr: 61552(2.18469e+07); Du: 0(1.31354e-06) 173.6s
     175998     1.8572644917e+08 Pr: 83446(1.17243e+08); Du: 0(1.16635e-06) 179.3s
     181145     1.8886320415e+08 Pr: 76036(6.2845e+09); Du: 0(1.26143e-06) 184.6s
     184085     1.9067082637e+08 Pr: 67575(3.04993e+06); Du: 0(1.11902e-06) 191.3s
     188046     1.9317527830e+08 Pr: 60481(3.42893e+07); Du: 0(1.14408e-06) 197.5s
     190857     1.9518816778e+08 Pr: 61531(3.69081e+06); Du: 0(1.15866e-06) 204.2s
     195052     1.9777473940e+08 Pr: 68139(5.01106e+06); Du: 0(9.86618e-07) 210.5s
     197397     1.9856446178e+08 Pr: 77569(1.65259e+09); Du: 0(1.043e-06) 215.7s
     199463     1.9936640833e+08 Pr: 58869(999391); Du: 0(9.62035e-07) 221.2s
     201164     2.0000667682e+08 Pr: 68686(6.87364e+06); Du: 0(9.62035e-07) 226.4s
     205411     2.0204395485e+08 Pr: 60276(2.01484e+08); Du: 0(9.20523e-07) 232.0s
     207486     2.0277961851e+08 Pr: 79252(2.90449e+09); Du: 0(9.89676e-07) 237.4s
     209205     2.0341175868e+08 Pr: 76834(1.6403e+08); Du: 0(8.92521e-07) 243.5s
     210140     2.0371351824e+08 Pr: 75762(1.28701e+10); Du: 0(8.92521e-07) 248.9s
     211724     2.0416482703e+08 Pr: 89999(4.20959e+09); Du: 0(9.19014e-07) 256.8s
     213066     2.0450484412e+08 Pr: 75448(2.49573e+08); Du: 0(8.92521e-07) 262.4s
     214772     2.0491442997e+08 Pr: 72319(2.25517e+08); Du: 0(8.48918e-07) 270.1s
     217173     2.0580892050e+08 Pr: 65456(2.31097e+08); Du: 0(6.54391e-07) 278.8s
     219483     2.0664661375e+08 Pr: 92699(1.12102e+10); Du: 0(6.37798e-07) 286.1s
     220765     2.0710887995e+08 Pr: 59549(2.94464e+06); Du: 0(6.37798e-07) 294.2s
     222377     2.0756805509e+08 Pr: 62897(878645); Du: 0(6.37798e-07) 302.5s
     223737     2.0795645362e+08 Pr: 94687(1.07111e+10); Du: 0(6.29972e-07) 308.1s
     225719     2.0847689466e+08 Pr: 72047(2.80592e+07); Du: 0(7.35658e-07) 317.2s
     227050     2.0874761614e+08 Pr: 60659(2.11239e+06); Du: 0(6.57019e-07) 323.7s
     228254     2.0892510667e+08 Pr: 77600(6.87989e+08); Du: 0(6.37381e-07) 332.2s
     231643     2.1025590731e+08 Pr: 76673(3.35555e+07); Du: 0(6.40489e-07) 340.8s
     233506     2.1093529996e+08 Pr: 64170(3.29056e+06); Du: 0(5.24242e-07) 348.1s
     234472     2.1127657671e+08 Pr: 73445(2.95658e+06); Du: 0(5.24242e-07) 357.2s
     235496     2.1170188591e+08 Pr: 73513(2.60057e+06); Du: 0(5.24242e-07) 362.6s
     236456     2.1176002800e+08 Pr: 89199(8.90208e+08); Du: 0(5.24242e-07) 368.6s
     238706     2.1252411771e+08 Pr: 66506(3.23442e+06); Du: 0(5.24242e-07) 374.3s
     241380     2.1359049370e+08 Pr: 66302(1.52979e+07); Du: 0(5.67745e-07) 380.8s
     243142     2.1413904246e+08 Pr: 80983(7.85832e+08); Du: 0(4.66436e-07) 386.6s
     244906     2.1472143170e+08 Pr: 65313(2.06873e+08); Du: 0(4.66436e-07) 395.5s
     246971     2.1667459180e+08 Pr: 84540(8.97306e+07); Du: 0(4.66436e-07) 400.8s
     247525     2.1672650612e+08 Pr: 66196(1.89252e+06); Du: 0(4.66436e-07) 407.4s
     248666     2.1698568313e+08 Pr: 66781(4.00043e+06); Du: 0(4.35481e-07) 414.1s
     253983     2.1943356594e+08 Pr: 97885(6.32039e+11); Du: 0(5.30778e-07) 420.3s
     255850     2.2002355281e+08 Pr: 69234(3.75441e+06); Du: 0(6.13996e-07) 426.3s
     257033     2.2016829490e+08 Pr: 88044(1.11164e+08); Du: 0(5.34108e-07) 432.8s
     258370     2.2053592397e+08 Pr: 64471(3.14155e+06); Du: 0(5.30778e-07) 441.6s
     259559     2.2089849177e+08 Pr: 84493(5.31204e+07); Du: 0(5.30778e-07) 450.1s
     261038     2.2127394452e+08 Pr: 63102(1.96892e+06); Du: 0(4.99278e-07) 458.7s
     262845     2.2186261919e+08 Pr: 71106(3.34701e+06); Du: 0(4.99278e-07) 466.8s
     263662     2.2213910874e+08 Pr: 89210(7.30393e+08); Du: 0(4.99278e-07) 473.3s
     264946     2.2246559259e+08 Pr: 76542(3.97919e+07); Du: 0(5.77101e-07) 479.8s
     274125     2.2688798348e+08 Pr: 57682(3.76285e+07); Du: 0(4.71146e-07) 486.5s
     275759     2.2732075419e+08 Pr: 74521(2.39021e+08); Du: 0(3.21821e-07) 492.9s
     276846     2.2760118907e+08 Pr: 54960(2.00499e+06); Du: 0(3.21821e-07) 498.4s
     278590     2.2819025149e+08 Pr: 55789(2.59551e+07); Du: 0(3.21821e-07) 503.4s
     279791     2.2851619406e+08 Pr: 54583(1.97983e+06); Du: 0(4.07822e-07) 509.1s
     281650     2.2907717905e+08 Pr: 78696(2.19185e+08); Du: 0(4.14968e-07) 518.4s
     283919     2.2966338613e+08 Pr: 91816(3.64635e+09); Du: 0(4.14968e-07) 524.5s
     288144     2.3111028461e+08 Pr: 63486(1.19791e+07); Du: 0(4.14968e-07) 534.2s
     288654     2.3122505978e+08 Pr: 51847(1.30346e+08); Du: 0(4.14968e-07) 539.5s
     289078     2.3134284545e+08 Pr: 78339(6.72575e+08); Du: 0(6.00906e-07) 545.0s
     291310     2.3186995945e+08 Pr: 65638(8.17702e+07); Du: 0(3.33766e-07) 551.1s
     291803     2.3202543252e+08 Pr: 99725(1.09831e+10); Du: 0(4.11687e-07) 556.1s
     292050     2.3206625898e+08 Pr: 59568(2.12396e+06); Du: 0(4.89532e-07) 562.0s
     293147     2.3232945693e+08 Pr: 68436(6.13616e+07); Du: 0(3.33766e-07) 569.6s
     294283     2.3258683531e+08 Pr: 66315(1.32631e+08); Du: 0(4.46162e-07) 577.9s
     294942     2.3279842216e+08 Pr: 85618(1.16342e+11); Du: 0(4.06329e-07) 584.2s
     296526     2.3320791641e+08 Pr: 74668(1.1638e+08); Du: 0(2.48417e-07) 590.9s
     297198     2.3335007042e+08 Pr: 59839(9.21057e+06); Du: 0(2.48417e-07) 596.4s
     297738     2.3347784966e+08 600.1s

Model status        : Interrupted by user
Simplex   iterations: 297738
Objective value     :  2.3335942547e+08
P-D objective error :  3.2425558225e-12
HiGHS run time      :        600.13
