Running HiGHS 1.15.1 (git hash: 04024d7): Copyright (c) 2026 under MIT licence terms
Includes third-party software components, see THIRD_PARTY_NOTICES.md for full details
LP has 495630 rows; 539546 cols; 1985956 nonzeros
Coefficient ranges:
  Matrix  [2e-08, 2e+04]
  Cost    [1e+02, 5e+05]
  Bound   [9e-01, 6e+04]
  RHS     [2e-01, 3e+05]
Not presolved: solving the LP
IPX model has 495630 rows, 539546 columns and 1985956 nonzeros
Input
    Number of variables:                                539546
    Number of free variables:                           0
    Number of constraints:                              495630
    Number of equality constraints:                     118058
    Number of matrix entries:                           1985956
    Matrix range:                                       [2e-08, 2e+04]
    RHS range:                                          [2e-01, 3e+05]
    Objective range:                                    [1e+02, 5e+05]
    Bounds range:                                       [9e-01, 6e+04]
Preprocessing
    Dualized model:                                     no
    Number of dense columns:                            9
    Range of scaling factors:                           [1.56e-02, 8.19e+03]
    Scaled cost norm:                                   467442
    Scaled bounds norm:                                 3.76339e+06
IPX version 1.0
Interior point solve
 Iter       primal obj         dual obj       pinf       dinf       gap      time
   0   -5.53945812e+08  -2.31814946e+14   1.67e-01   2.78e-01  2.00e+00       0.5
   1   -1.56024815e+11  -2.47153408e+14   1.59e-01   2.52e-01  2.00e+00       1.5
   2   -8.58720609e+11  -3.35858194e+14   1.45e-01   1.45e-01  1.99e+00       2.9
   3   -1.05802476e+12  -3.97071084e+14   1.36e-01   1.10e-01  1.99e+00       3.7
   4   -1.38640011e+12  -5.43237391e+14   1.22e-01   4.90e-02  1.99e+00       4.2
   5   -2.74034957e+12  -8.62132692e+14   8.05e-02   3.68e-03  1.99e+00       4.6
   6   -3.25414176e+11  -7.51254760e+14   9.30e-03   3.68e-09  2.00e+00       4.8
   7   -2.70693760e+11  -5.18775124e+14   6.61e-03   9.18e-12  2.00e+00       5.2
   8   -2.55403189e+11  -5.77046616e+14   5.29e-03   2.65e-11  2.00e+00       5.5
   9   -5.37210299e+10  -3.19428626e+14   1.11e-03   2.81e-11  2.00e+00       5.7
  10   -1.17113639e+10  -1.23755320e+14   2.57e-04   2.14e-11  2.00e+00       6.2
  11   -7.10342773e+08  -7.90710334e+13   3.53e-05   1.63e-11  2.00e+00       7.3
  12    1.20227642e+09  -1.37368526e+13   5.29e-06   2.96e-11  2.00e+00      10.6
 Constructing starting basis...
 Iter       primal obj         dual obj       pinf       dinf       gap      time
    Start  factorization  27: nonzeros in basis =    874933                  83.7
  13    1.46832970e+09  -3.50277401e+12   8.62e-07   5.61e-12  2.00e+00     152.5
  14    1.50070244e+09  -2.40554779e+12   4.96e-07   2.23e-12  2.00e+00     184.6
  15    1.55977706e+09  -1.48072686e+12   1.59e-07   1.53e-12  2.00e+00     198.4
  16    1.60162761e+09  -5.06391884e+11   4.32e-08   1.55e-12  2.01e+00     235.0
  17    1.63491244e+09  -2.21345574e+11   7.01e-09   3.75e-13  2.03e+00     279.7
    Start  factorization  80: nonzeros in basis =    982918                 345.6
  18    1.64133624e+09  -4.74458667e+10   7.01e-15   1.26e-13  2.14e+00     397.1
  19    1.52742203e+09  -3.40105351e+10   5.28e-15   7.17e-14  2.19e+00     436.2
  20    1.02621093e+09  -1.62406420e+10   6.71e-15   4.98e-15  2.27e+00     448.1
  21    9.72781711e+08  -3.68135202e+09   3.10e-15   2.24e-15  3.44e+00     468.1
  22    9.11872155e+08  -3.43428776e+09   1.94e-15   1.70e-15  3.45e+00     492.3
  23    8.56284874e+08  -3.36946426e+09   4.68e-16   1.92e-15  3.36e+00     504.5
  24    7.53081474e+08  -2.62187021e+09   8.90e-16   2.26e-15  3.61e+00     514.0
  25    6.27607005e+08  -1.18383602e+09   9.58e-16   1.00e-15  6.51e+00     523.9
  26    6.10820835e+08  -1.21821874e+09   5.97e-15   4.01e-16  6.02e+00     538.0
  27    5.92529617e+08  -1.20461351e+09   1.29e-15   7.93e-16  5.87e+00     549.0
  28    5.26789240e+08  -8.55966762e+08   2.55e-15   8.10e-16  8.40e+00     558.1
  29    4.35693295e+08  -5.43858466e+08   2.14e-15   3.83e-15  1.81e+01     572.1
  30    3.76499699e+08  -3.29071959e+08   4.45e-16   9.71e-16  2.98e+01     589.4
  31    3.58806851e+08  -2.11191356e+08   2.37e-15   3.69e-16  7.72e+00     604.3
  32    3.34960548e+08  -8.28293530e+07   2.28e-15   2.10e-16  3.31e+00     620.2
  33    3.13193774e+08   1.15842991e+07   5.33e-16   2.46e-15  1.86e+00     638.0
  34    3.01885047e+08   4.40844048e+07   5.43e-15   6.22e-16  1.49e+00     663.0
  35    2.93678972e+08   1.29688264e+08   2.51e-15   2.49e-15  7.75e-01     705.0
  36    2.92634672e+08   1.43598529e+08   2.36e-15   3.42e-15  6.83e-01     756.7
  37    2.83397816e+08   1.83095183e+08   6.44e-16   5.14e-16  4.30e-01     778.3
    Start  factorization 149: nonzeros in basis =   1262433                 842.1
  38    2.79329651e+08   1.96664330e+08   1.24e-15   2.85e-16  3.47e-01     877.2
Summary
    Runtime:                                            900.03s
    Status interior point solve:                        unknown
    Status crossover:                                   not run
WARNING: Ipx: Stopped
WARNING: Ipx: IPM       user interrupt
WARNING: Ipx: Crossover not run

Model status        : Interrupted by user
IPM       iterations: 38
Objective value     :  2.7932965143e+08
P-D objective error :  8.8018198393e-02
HiGHS run time      :        900.13
