Running HiGHS 1.15.1 (git hash: 04024d7): Copyright (c) 2026 under MIT licence terms
Includes third-party software components, see THIRD_PARTY_NOTICES.md for full details
LP has 667662 rows; 685194 cols; 2582623 nonzeros
Coefficient ranges:
  Matrix  [7e-06, 2e+04]
  Cost    [7e+02, 2e+03]
  Bound   [1e+00, 6e+04]
  RHS     [8e-02, 7e+05]
Presolving model
518221 rows, 636596 cols, 2116325 nonzeros 1s
430286 rows, 548714 cols, 1878080 nonzeros 2s
Dependent equations search running on 131722 equations with time limit of 9.00s
Dependent equations search removed 8784 rows and 54679 nonzeros in 0.03s (limit = 9.00s)
421492 rows, 544414 cols, 1814780 nonzeros 4s
Presolve reductions: rows 421492(-246170); columns 544414(-140780); nonzeros 1814780(-767843) 
Solving the presolved LP
Using dual simplex solver
  Iteration        Objective     Infeasibilities num(sum)
          0     0.0000000000e+00 Ph1: 0(0) 5.5s
      13538     7.4958758668e+08 Pr: 77846(1.96872e+07); Du: 0(1.81049e-08) 10.7s
      19148     7.8545421096e+08 Pr: 79762(2.09653e+07); Du: 0(2.05423e-08) 16.1s
      20874     7.8545422581e+08 Pr: 81473(2.49466e+07); Du: 0(2.15953e-08) 22.1s
      22214     7.8545423587e+08 Pr: 82812(2.05084e+07); Du: 0(1.43154e-08) 27.2s
      23415     7.8545424579e+08 Pr: 84120(2.43131e+07); Du: 0(2.82622e-08) 32.4s
      24720     7.8545425697e+08 Pr: 85728(2.72692e+07); Du: 0(2.07264e-08) 38.9s
      26022     7.8545426683e+08 Pr: 87209(2.17583e+07); Du: 0(2.00367e-08) 45.4s
      27177     7.8545427375e+08 Pr: 88580(2.89203e+07); Du: 0(1.6117e-08) 51.4s
      28199     7.8545428006e+08 Pr: 89846(2.32702e+07); Du: 0(1.47714e-08) 56.6s
      30476     7.8545442072e+08 Pr: 92708(3.12392e+07); Du: 0(4.95022e-09) 63.0s
      32537     7.8545471028e+08 Pr: 95340(4.21975e+07); Du: 0(2.02447e-08) 68.5s
      38029     7.8545543352e+08 Pr: 100407(7.00989e+07); Du: 0(4.95022e-09) 74.6s
      43903     7.8816465735e+08 Pr: 100566(2.03021e+09); Du: 0(4.95022e-09) 79.9s
      53376     9.5878878608e+08 Pr: 83979(2.24207e+08); Du: 0(4.32994e-09) 85.0s
      94808     1.0490452853e+09 Pr: 66695(3.85904e+08); Du: 0(1.1553e-08) 90.3s
     117148     1.0844649142e+09 Pr: 71086(2.36637e+09); Du: 0(1.1553e-08) 96.0s
     118825     1.0855243336e+09 Pr: 67926(2.36659e+09); Du: 0(1.1553e-08) 101.1s
     121763     1.0883677109e+09 Pr: 64960(1.95773e+09); Du: 0(6.7789e-09) 107.1s
     128633     1.1006408992e+09 Pr: 57513(1.10156e+08); Du: 0(6.7789e-09) 112.3s
     162650     1.1302690100e+09 Pr: 44603(3.83692e+07); Du: 0(2.33367e-08) 118.9s
     169944     1.1332727666e+09 Pr: 43372(5.753e+07); Du: 0(1.05452e-08) 123.9s
     185628     1.1412528954e+09 Pr: 44602(5.06637e+07); Du: 0(1.05452e-08) 129.6s
     201012     1.1509762865e+09 Pr: 46365(5.86158e+07); Du: 0(4.35252e-09) 135.5s
     208020     1.1545971897e+09 Pr: 48371(4.17012e+07) 141.5s
     212032     1.1565710503e+09 Pr: 48367(4.71065e+07) 146.9s
     223710     1.1635731727e+09 Pr: 48779(3.70495e+07) 152.0s
     247241     1.1743254573e+09 Pr: 40387(6.07812e+07) 162.5s
     249336     1.1745944734e+09 Pr: 40514(3.7332e+07) 167.6s
     259544     1.1768892561e+09 Pr: 38732(3.66893e+07) 173.0s
     266508     1.1782850743e+09 Pr: 37764(4.5132e+07) 178.1s
     284995     1.1826642213e+09 Pr: 32489(2.13009e+07) 183.4s
     302496     1.1850776387e+09 Pr: 24217(1.96161e+07) 188.6s
     322076     1.1861938241e+09 Pr: 16191(2.69615e+06) 195.0s
     329404     1.1864475483e+09 Pr: 14982(514065) 200.3s
     345880     1.1866257325e+09 Pr: 8593(239906) 205.6s
     355990     1.1866770990e+09 Pr: 5137(66804.1) 211.1s
     363175     1.1866782692e+09 Pr: 0(0); Du: 0(3.40376e-09) 213.9s
     363175     1.1866782692e+09 Pr: 0(0); Du: 0(3.40376e-09) 213.9s

Performed postsolve
Solving the original LP from the solution after postsolve

Model status        : Optimal
Simplex   iterations: 363175
Objective value     :  1.1866782692e+09
P-D objective error :  3.8474756859e-14
HiGHS run time      :        214.63
