Running HiGHS 1.15.1 (git hash: 04024d7): Copyright (c) 2026 under MIT licence terms
Includes third-party software components, see THIRD_PARTY_NOTICES.md for full details
LP has 606163 rows; 650052 cols; 2450859 nonzeros
Coefficient ranges:
  Matrix  [7e-06, 2e+04]
  Cost    [8e+02, 2e+03]
  Bound   [1e+00, 6e+04]
  RHS     [8e-02, 6e+05]
Presolving model
491868 rows, 601460 cols, 2019701 nonzeros 1s
403935 rows, 513580 cols, 1781540 nonzeros 2s
Dependent equations search running on 122940 equations with time limit of 9.00s
Dependent equations search removed 8784 rows and 54677 nonzeros in 0.03s (limit = 9.00s)
395141 rows, 509280 cols, 1718242 nonzeros 4s
Presolve reductions: rows 395141(-211022); columns 509280(-140772); nonzeros 1718242(-732617) 
Solving the presolved LP
Using dual simplex solver
  Iteration        Objective     Infeasibilities num(sum)
          0     0.0000000000e+00 Ph1: 0(0) 5.3s
      16182    -1.3452811367e+07 Pr: 78212(1.53143e+07); Du: 0(4.93475e-09) 10.3s
      18205    -1.3452801860e+07 Pr: 79723(1.4334e+07); Du: 0(7.21808e-09) 15.8s
      19898    -1.3452794178e+07 Pr: 81315(1.37294e+07) 21.2s
      21629    -1.3452787995e+07 Pr: 83014(1.51762e+07); Du: 0(9.93232e-09) 27.2s
      22866    -1.3452784090e+07 Pr: 84285(1.57999e+07); Du: 0(3.24091e-08) 32.2s
      24141    -1.3452780232e+07 Pr: 85484(1.5836e+07); Du: 0(1.65554e-08) 37.9s
      25372    -1.3452776332e+07 Pr: 86421(1.57555e+07); Du: 0(9.81919e-09) 43.5s
      26609    -1.3452772759e+07 Pr: 87285(1.66708e+07); Du: 0(2.15052e-08) 49.4s
      27916    -1.3452769588e+07 Pr: 88485(1.56207e+07); Du: 0(1.20736e-08) 55.8s
      29236    -1.3452766309e+07 Pr: 89713(1.77244e+07); Du: 0(9.81919e-09) 62.6s
      30624    -1.3452389950e+07 Pr: 91227(1.85104e+07); Du: 0(2.69306e-08) 68.9s
      31883    -1.3452384997e+07 Pr: 92490(1.83546e+07); Du: 0(1.40181e-08) 75.5s
      36713    -1.3414074372e+07 Pr: 96013(2.94302e+07) 82.0s
      40315    -1.3413803073e+07 Pr: 99849(5.00682e+07); Du: 0(6.27092e-09) 87.7s
      44337    -1.3410494168e+07 Pr: 99886(7.99286e+08); Du: 0(8.40212e-09) 94.4s
      46246    -1.3404338452e+07 Pr: 100013(3.87128e+09); Du: 0(4.78336e-17) 99.9s
      47790     2.4275648103e+07 Pr: 92239(9.7826e+09); Du: 0(3.24263e-08) 104.9s
      70606     2.0583468418e+08 Pr: 75090(4.18536e+08); Du: 0(2.5761e-08) 109.9s
      94870     2.4767428917e+08 Pr: 67216(2.09634e+08); Du: 0(2.5761e-08) 116.5s
     124158     2.9652191916e+08 Pr: 62913(6.00744e+07); Du: 0(2.23277e-08) 121.6s
     129460     3.0375060438e+08 Pr: 57402(6.86065e+07); Du: 0(2.23277e-08) 127.0s
     130377     3.0384798077e+08 Pr: 57322(6.20383e+07); Du: 0(2.23277e-08) 132.1s
     132261     3.0499809984e+08 Pr: 54967(7.24597e+07); Du: 0(3.2095e-08) 138.2s
     154911     3.2808838838e+08 Pr: 42763(6.74003e+07); Du: 0(1.35888e-08) 144.0s
     165998     3.3056414467e+08 Pr: 43279(6.75252e+07); Du: 0(6.00766e-09) 149.9s
     177838     3.3668441423e+08 Pr: 43638(1.18181e+08) 155.2s
     192979     3.4536351903e+08 Pr: 45830(1.52199e+08) 161.1s
     205100     3.5259586875e+08 Pr: 47814(1.24273e+08) 168.7s
     207450     3.5345317078e+08 Pr: 47758(1.17281e+08) 173.8s
     220906     3.6144925937e+08 Pr: 48105(1.14392e+08); Du: 0(5.31856e-11) 179.3s
     236060     3.6901108010e+08 Pr: 38813(5.37275e+08); Du: 0(5.31856e-11) 185.4s
     240046     3.6940709172e+08 Pr: 39299(3.64471e+08); Du: 0(5.31856e-11) 190.5s
     246010     3.7067263714e+08 Pr: 38943(9.05104e+08); Du: 0(5.31856e-11) 195.6s
     259138     3.7477403109e+08 Pr: 35911(1.34728e+08); Du: 0(9.17502e-09) 200.8s
     279864     3.8006568133e+08 Pr: 31712(9.37953e+07) 206.0s
     300804     3.8360379100e+08 Pr: 23329(1.57872e+07) 211.0s
     317651     3.8582848009e+08 Pr: 16773(4.89238e+06) 216.0s
     326922     3.8625848179e+08 Pr: 14964(3.17781e+06) 221.6s
     343023     3.8650133950e+08 Pr: 8703(283235) 226.8s
     352992     3.8655647478e+08 Pr: 5223(60159) 232.7s
     360594     3.8655942167e+08 Pr: 0(0); Du: 0(5.3042e-09) 235.5s
     360594     3.8655942167e+08 Pr: 0(0); Du: 0(5.3042e-09) 235.5s

Performed postsolve
Solving the original LP from the solution after postsolve

Model status        : Optimal
Simplex   iterations: 360594
Objective value     :  3.8655942167e+08
P-D objective error :  1.1872838649e-14
HiGHS run time      :        236.10
