MIP has 606163 rows; 650052 cols; 2450859 nonzeros; 87840 integer variables (87840 binary)
Coefficient ranges:
  Matrix  [7e-06, 2e+04]
  Cost    [8e+02, 2e+03]
  Bound   [1e+00, 6e+04]
  RHS     [8e-02, 6e+05]
Assessing feasibility of MIP using primal feasibility and integrality tolerance of       1e-08
WARNING: Row  43930 has         infeasibility of      0.1315 from [lower, value, upper] = [              0;      0.13153138;               0]
WARNING: Row  43931 has         infeasibility of      0.4671 from [lower, value, upper] = [              0;      -0.4670567;               0]
WARNING: Row 465554 has         infeasibility of        2926 from [lower, value, upper] = [           -inf;       2926.4317;               0]
Solution has               num          max          sum
Col     infeasibilities      0            0            0
Integer infeasibilities      0            0            0
Row     infeasibilities  48801         3305    5.185e+06
Row     residuals            0            0            0
Attempting to find feasible solution by solving LP for user-supplied values of discrete variables
Presolving model
Problem status detected on presolve: Infeasible
Model status        : Infeasible
Objective value     :  0.0000000000e+00
HiGHS run time      :          0.92
Presolving model
491868 rows, 601460 cols, 2019701 nonzeros 1s
403935 rows, 513580 cols, 1808839 nonzeros 3s
386357 rows, 491712 cols, 1817749 nonzeros 7s
Presolve reductions: rows 386357(-219806); columns 491712(-158340); nonzeros 1817746(-633113) 

Solving MIP model with:
   386357 rows
   491712 cols (87788 binary, 0 integer, 0 implied int., 403924 continuous, 0 domain fixed)
   1817746 nonzeros
   Thread count 12 (of 60 threads). Using 1 max workers. Parallel search off

Src: B => Branching; C => Central rounding; F => Feasibility pump; H => Heuristic;
     I => Shifting; J => Feasibility jump; L => Sub-MIP; P => Empty MIP; R => Randomized rounding;
     S => Solve LP; T => Evaluate node; U => Unbounded; X => User solution; Y => HiGHS solution;
     Z => ZI Round; l => Trivial lower; p => Trivial point; u => Trivial upper; z => Trivial zero

        Nodes      |    B&B Tree     |            Objective Bounds              |  Dynamic Constraints |       Work      
Src  Proc. InQueue |  Leaves   Expl. | BestBound       BestSol              Gap |   Cuts   InLp Confl. | LpIters     Time

         0       0         0   0.00%   44564542.86665  inf                  inf        0      0      0         0    14.2s
         0       0         0   0.00%   386559421.6706  inf                  inf        0      0      4    349172   110.7s
         0       0         0   0.00%   388728045.7296  inf                  inf    55988   9486      8    378640   221.7s
         0       0         0   0.00%   390618463.5235  inf                  inf    79497  16874     12    404813   332.2s
         0       0         0   0.00%   392012537.788   inf                  inf    97000  22606     16    422310   401.5s
         0       0         0   0.00%   393170250.5901  inf                  inf   116457  27172     20    442398   498.1s
         0       0         0   0.00%   393998014.7196  inf                  inf   143965  31774    312    456257   838.3s
         0       0         0   0.00%   394510715.5084  inf                  inf   160288  35359    316    467803   905.6s
         0       0         0   0.00%   394836619.295   inf                  inf   173982  37970    320    476756   954.4s
         0       0         0   0.00%   395372902.6866  inf                  inf   185574  45494    324    498747  1088.2s
         0       0         0   0.00%   395800694.7195  inf                  inf   155684  52059    328    519066  1240.1s
         0       0         0   0.00%   396036674.256   inf                  inf   155457  57217    332    533359  1308.3s
         0       0         0   0.00%   396163158.6946  inf                  inf   156736  61444    336    546455  1376.0s
         0       0         0   0.00%   396265987.2693  inf                  inf   157608  65042    340    557599  1434.8s
         0       0         0   0.00%   396331226.34    inf                  inf   157345  68070    344    568234  1521.9s
         0       0         0   0.00%   396373326.5155  inf                  inf   160196  70637    348    576806  1575.0s
         0       0         0   0.00%   396405438.9379  inf                  inf   163471  63501    352    585489  1666.3s
         0       0         0   0.00%   396428622.6635  inf                  inf   157598  65343    356    592638  1733.0s
         0       0         0   0.00%   396445338.3094  inf                  inf   161284  66942    360    598965  1777.8s
         0       0         0   0.00%   396463684.1588  inf                  inf   166483  68389    364    604544  1827.9s

        Nodes      |    B&B Tree     |            Objective Bounds              |  Dynamic Constraints |       Work      
Src  Proc. InQueue |  Leaves   Expl. | BestBound       BestSol              Gap |   Cuts   InLp Confl. | LpIters     Time

         0       0         0   0.00%   396463684.1588  inf                  inf   171104  75575    368    622184  1991.2s
         0       0         0   0.00%   396463684.1588  inf                  inf   171104  75575    368     2223k  3600.6s

Solving report
  Status            Time limit reached
  Primal bound      inf
  Dual bound        396463684.159
  Gap               inf
  P-D integral      0
  Solution status   -
  Timing            3600.58
                    19.05 (Presolve)
                        MIP    time [calls] = 7.44 [1]
                        subMIP time [calls] = 11.60 [6]
                    3581.49 (Solve)
                        MIP    time [calls] = 2052.33 [1]
                        subMIP time [calls] = 1529.16 [5]
                    0.00 (Postsolve)
                        MIP    time [calls] = 0.00 [1]
                        subMIP time [calls] = 0.00 [6]
  Max sub-MIP depth 6
  Nodes             0
  Repair LPs        0
  LP iterations     2223400
                    0 (strong br.)
                    273012 (separation)
                    1601216 (heuristics)
