Running HiGHS 1.15.1 (git hash: 04024d7): Copyright (c) 2026 under MIT licence terms
Includes third-party software components, see THIRD_PARTY_NOTICES.md for full details
LP has 606163 rows; 650052 cols; 2521170 nonzeros
Coefficient ranges:
  Matrix  [7e-06, 2e+04]
  Cost    [8e+02, 1e+05]
  Bound   [1e+00, 6e+04]
  RHS     [8e-02, 3e+05]
Presolving model
535697 rows, 601471 cols, 2107426 nonzeros 1s
447806 rows, 513585 cols, 1869296 nonzeros 2s
Dependent equations search running on 122942 equations with time limit of 6.00s
Dependent equations search removed 8784 rows and 54677 nonzeros in 0.03s (limit = 6.00s)
439018 rows, 509289 cols, 1806011 nonzeros 4s
Presolve reductions: rows 439018(-167145); columns 509289(-140763); nonzeros 1806011(-715159) 
Solving the presolved LP
Using dual simplex solver
  Iteration        Objective     Infeasibilities num(sum)
          0     0.0000000000e+00 Ph1: 0(0) 5.4s
      13552    -2.0933010922e+08 Pr: 71187(6.71116e+06); Du: 0(1.52946e-06) 10.7s
      16203    -2.0933010651e+08 Pr: 73897(8.18825e+06); Du: 0(6.26787e-07) 16.4s
      18502    -2.0845389353e+08 Pr: 76823(1.33191e+07); Du: 0(7.11376e-07) 22.3s
      20567    -2.0815966794e+08 Pr: 79084(9.96822e+06); Du: 0(8.51324e-07) 28.0s
      22260    -2.0799785176e+08 Pr: 80845(1.07634e+07); Du: 0(8.19057e-07) 33.0s
      24073    -2.0783171399e+08 Pr: 82522(1.2049e+07); Du: 0(1.23926e-06) 38.4s
      28508    -1.9477303600e+08 Pr: 90131(9.52324e+06); Du: 0(2.24202e-07) 43.7s
      31567    -1.5098569454e+08 Pr: 89969(7.91373e+06); Du: 0(2.24202e-07) 49.7s
      33146    -1.2777033614e+08 Pr: 89655(7.44549e+06); Du: 0(2.24202e-07) 55.9s
      34471    -1.2395944463e+08 Pr: 91895(7.50029e+06); Du: 0(2.24202e-07) 61.9s
      36080    -1.2005615432e+08 Pr: 93735(7.89232e+06); Du: 0(1.8636e-07) 68.5s
      37354    -1.1657980576e+08 Pr: 94944(8.38299e+06); Du: 0(1.8636e-07) 75.3s
      38745    -1.1078811943e+08 Pr: 93861(9.08726e+06); Du: 0(7.5872e-08) 80.5s
      63080     5.9793596534e+07 Pr: 87335(1.52477e+08); Du: 0(1.21047e-07) 86.0s
      96029     1.1149836028e+08 Pr: 74897(5.02495e+07); Du: 0(1.47762e-06) 91.2s
     104751     1.1848058057e+08 Pr: 83283(1.48509e+07); Du: 0(1.67861e-06) 96.2s
     113646     1.2524736121e+08 Pr: 75246(2.56293e+06); Du: 0(1.59287e-06) 102.1s
     118718     1.3046637729e+08 Pr: 76633(1.55547e+06); Du: 0(1.6294e-06) 107.3s
     128672     1.4153292811e+08 Pr: 78059(2.513e+06); Du: 0(1.39249e-06) 113.1s
     137532     1.5453302312e+08 Pr: 78210(2.03357e+06); Du: 0(1.56522e-06) 119.4s
     141058     1.5866840485e+08 Pr: 102387(1.38849e+09); Du: 0(1.37069e-06) 125.7s
     142494     1.5997321661e+08 Pr: 76489(1.00772e+07); Du: 0(1.37069e-06) 130.7s
     144161     1.6213423059e+08 Pr: 89748(4.70446e+08); Du: 0(1.35603e-06) 137.4s
     147321     1.6509792980e+08 Pr: 88634(3.82634e+08); Du: 0(1.4347e-06) 145.1s
     160945     1.8143241131e+08 Pr: 77497(4.13004e+08); Du: 0(1.49894e-06) 152.0s
     162663     1.8228133734e+08 Pr: 90323(4.77764e+08); Du: 0(1.57243e-06) 157.7s
     164137     1.8326347570e+08 Pr: 77827(2.01866e+09); Du: 0(1.45673e-06) 163.1s
     166872     1.8588619977e+08 Pr: 69197(1.04271e+06); Du: 0(1.73465e-06) 168.3s
     173631     1.8958735321e+08 Pr: 62811(1.31484e+07); Du: 0(1.3665e-06) 174.6s
     178496     1.9180219692e+08 Pr: 74443(1.62037e+08); Du: 0(1.15413e-06) 179.7s
     182383     1.9315615541e+08 Pr: 60094(1.88441e+06); Du: 0(1.11182e-06) 184.8s
     185389     1.9466661588e+08 Pr: 59268(733692); Du: 0(1.09293e-06) 190.6s
     188685     1.9575597466e+08 Pr: 62534(2.34378e+07); Du: 0(9.39142e-07) 195.8s
     191288     1.9657975670e+08 Pr: 60764(3.79309e+06); Du: 0(9.44496e-07) 201.1s
     192779     1.9703545854e+08 Pr: 62803(1.11896e+07); Du: 0(7.50134e-07) 206.2s
     195098     1.9809300741e+08 Pr: 59776(809464); Du: 0(7.27697e-07) 211.3s
     199670     1.9999551885e+08 Pr: 62729(3.48583e+08); Du: 0(6.96059e-07) 217.1s
     204353     2.0272768427e+08 Pr: 70534(5.29874e+07); Du: 0(6.12588e-07) 222.2s
     205601     2.0307475893e+08 Pr: 71957(1.86517e+10); Du: 0(5.83471e-07) 227.4s
     208858     2.0383455728e+08 Pr: 90652(4.18874e+08); Du: 0(5.99768e-07) 233.1s
     210650     2.0427203319e+08 Pr: 69479(2.59449e+08); Du: 0(4.6943e-07) 238.9s
     211235     2.0435347050e+08 Pr: 55877(8.21733e+06); Du: 0(4.86448e-07) 243.9s
     213308     2.0487998010e+08 Pr: 60252(791640); Du: 0(5.39433e-07) 253.4s
     214766     2.0523863135e+08 Pr: 62337(729580); Du: 0(5.87583e-07) 259.1s
     215262     2.0534311616e+08 Pr: 56259(8.51925e+06); Du: 0(4.67024e-07) 264.2s
     215966     2.0546168639e+08 Pr: 64415(7.7099e+07); Du: 0(5.52496e-07) 269.7s
     216764     2.0548601904e+08 Pr: 62137(3.336e+07); Du: 0(4.56801e-07) 276.5s
     218001     2.0569982677e+08 Pr: 74138(1.94206e+07); Du: 0(5.07193e-07) 281.9s
     222409     2.0702123415e+08 Pr: 64282(1.81277e+06); Du: 0(5.39927e-07) 287.3s
     224220     2.0745124915e+08 Pr: 63965(1.23527e+06); Du: 0(6.37952e-07) 295.9s
     225530     2.0755487791e+08 Pr: 63864(2.00307e+06); Du: 0(6.91598e-07) 302.3s
     227365     2.0790912621e+08 Pr: 65502(1.32946e+06); Du: 0(6.78681e-07) 309.4s
     230295     2.0882936883e+08 Pr: 83745(2.72823e+08); Du: 0(6.78681e-07) 316.5s
     234343     2.1016124558e+08 Pr: 66723(3.16682e+06); Du: 0(6.882e-07) 323.1s
     236950     2.1085796157e+08 Pr: 65633(1.04097e+07); Du: 0(7.01833e-07) 331.7s
     239093     2.1145154369e+08 Pr: 84557(7.48147e+06); Du: 0(7.78498e-07) 339.0s
     239626     2.1153095042e+08 Pr: 75542(4.91757e+08); Du: 0(6.86556e-07) 344.6s
     241797     2.1225973775e+08 Pr: 75277(4.94812e+06); Du: 0(6.86556e-07) 351.9s
     242906     2.1245869579e+08 Pr: 97265(5.27631e+10); Du: 0(6.10126e-07) 359.7s
     243530     2.1259270698e+08 Pr: 76165(1.30656e+07); Du: 0(5.96354e-07) 364.8s
     244839     2.1285449100e+08 Pr: 66502(5.87254e+06); Du: 0(6.86556e-07) 372.9s
     247795     2.1332995893e+08 Pr: 66125(3.03357e+07); Du: 0(7.09421e-07) 380.2s
     250246     2.1408090015e+08 Pr: 76837(4.25978e+07); Du: 0(5.31989e-07) 390.2s
     251888     2.1456090068e+08 Pr: 69943(1.86232e+07); Du: 0(6.11621e-07) 396.5s
     253491     2.1500881030e+08 Pr: 78050(1.81315e+07); Du: 0(6.11621e-07) 403.8s
     255731     2.1559439160e+08 Pr: 78473(2.13098e+07); Du: 0(5.7058e-07) 412.6s
     258791     2.1651368461e+08 Pr: 65822(3.59059e+07); Du: 0(5.7058e-07) 419.6s
     261793     2.1738314595e+08 Pr: 75119(3.43755e+06); Du: 0(5.60616e-07) 427.9s
     265644     2.1955015841e+08 Pr: 78404(5.95748e+06); Du: 0(4.58582e-07) 435.2s
     266985     2.1995787838e+08 Pr: 67654(1.8842e+06); Du: 0(4.58582e-07) 440.8s
     268955     2.2041154221e+08 Pr: 67708(3.39268e+07); Du: 0(4.07495e-07) 449.2s
     269643     2.2048636255e+08 Pr: 67561(7.35211e+06); Du: 0(3.76006e-07) 455.3s
     271204     2.2087560575e+08 Pr: 69343(4.09228e+09); Du: 0(3.76006e-07) 462.1s
     273119     2.2135533910e+08 Pr: 68069(9.14389e+07); Du: 0(3.33953e-07) 470.8s
     274401     2.2161878752e+08 Pr: 67063(1.73145e+06); Du: 0(4.04457e-07) 478.5s
     275877     2.2206721805e+08 Pr: 66675(4.02269e+06); Du: 0(3.50273e-07) 485.3s
     277419     2.2242472706e+08 Pr: 79517(8.36365e+07); Du: 0(3.96383e-07) 494.0s
     280396     2.2336980066e+08 Pr: 67042(1.6128e+06); Du: 0(3.50283e-07) 502.6s
     281233     2.2358131789e+08 Pr: 67313(1.30246e+07); Du: 0(3.50283e-07) 507.9s
     283015     2.2404931193e+08 Pr: 67057(3.50785e+06); Du: 0(3.06694e-07) 515.6s
     283645     2.2413174903e+08 Pr: 67399(1.36528e+06); Du: 0(3.06697e-07) 521.9s
     285307     2.2473077495e+08 Pr: 67505(1.47663e+06); Du: 0(2.70111e-07) 527.6s
     287556     2.2554240314e+08 Pr: 69176(1.73397e+07); Du: 0(2.17187e-07) 534.5s
     289261     2.2604257751e+08 Pr: 98932(1.37154e+11); Du: 0(2.17187e-07) 543.1s
     291096     2.2662994753e+08 Pr: 66995(9.79984e+06); Du: 0(2.17187e-07) 553.1s
     296209     2.2908662354e+08 Pr: 103370(1.11337e+12); Du: 0(2.17187e-07) 559.3s
     298221     2.2991045063e+08 Pr: 76118(9.70073e+07); Du: 0(2.17187e-07) 564.4s
     301348     2.3091622879e+08 Pr: 99668(8.35009e+10); Du: 0(2.17187e-07) 569.5s
     308757     2.3397566652e+08 Pr: 63467(6.83419e+06); Du: 0(2.17187e-07) 574.8s
     309330     2.3409544068e+08 Pr: 52981(3.18334e+07); Du: 0(2.17187e-07) 580.0s
